
### DEEP variants (2x3)
| Arm | MegaDepth | 1DSfM | Strecha | BlendedMVS |
|---|---|---|---|---|
| _Outliers% (RESfM paper Tab.1-4)_ | _25.6%_ | _31.9%_ | _2.7%_ | _3.6%_ |
| U-ESFM-DA · MAD | 0.531/3.42 | 11.597/6.51 | 1.383/9.30 | 0.040/1.76 |
| U-ESFM-DA · remove | 0.406/3.46 | 6.773/6.19 | 3.325/16.30 | 0.052/3.05 |
| U-ESFM-DA · remove+TTT | 0.518/4.12 | 9.223/9.02 | 2.623/12.69 | 0.139/10.72 |
| U-ESFM-DA · weight | 0.558/2.63 | 17.821/6.75 | 1.053/8.04 | 0.027/2.35 |
| U-ESFM-DA · weight+TTT | 0.453/2.99 | 15.157/8.20(n9) | 0.807/9.69 | 0.148/9.09 |
| U-ESFM-DA · hybrid | 0.400/3.81 | 15.311/6.62 | 2.606/10.12 | 0.118/21.42 |
| U-ESFM-DA · hybrid+TTT | 0.728/4.05 | 16.984/7.57(n9) | 2.634/12.07 | 0.136/8.17 |
| U-ESFM-DA · madweight | 0.636/3.95 | 12.489/7.09 | 0.225/1.71 | 0.130/9.48 |
| RESfM-deep (scratch) | 0.559/4.75 | 14.866/9.94 | 0.005/0.01 | 0.048/2.87 |
| ESFM-deep | 0.663/5.05 | 13.713/9.84 | 0.018/0.10 | 0.162/10.63 |
| RESfM (paper) | 0.169/1.29 | - | - | - |
| ESFM (paper) | 0.780/6.77 | - | - | - |

### SHALLOW variants (1x3)
| Arm | MegaDepth | 1DSfM | Strecha | BlendedMVS |
|---|---|---|---|---|
| _Outliers% (RESfM paper Tab.1-4)_ | _25.6%_ | _31.9%_ | _2.7%_ | _3.6%_ |
| U-ESFM-SA · MAD | 0.490/4.83 | 6.787/7.48 | 2.807/12.21 | 0.205/12.86 |
| U-ESFM-SA · remove | 0.499/3.80 | 9.854/7.03 | 2.871/12.92 | 0.145/10.20 |
| U-ESFM-SA · remove+TTT | 0.392/3.52 | 10.002/6.82 | 2.768/13.63 | 0.155/9.40 |
| U-ESFM-SA · weight | 0.460/3.97 | 15.884/9.25 | 1.945/7.44 | 0.114/6.80 |
| U-ESFM-SA · weight+TTT | 0.527/3.34 | 15.643/7.80 | 2.024/7.41 | 0.126/7.77 |
| U-ESFM-SA · hybrid | 0.463/3.50 | 16.803/7.01 | 3.116/14.84 | 0.124/7.09 |
| U-ESFM-SA · hybrid+TTT | 0.512/4.28 | 17.770/8.72 | 2.229/12.92 | 0.139/8.96 |
| U-ESFM-SA · madweight | 0.511/3.72 | 5.502/5.62 | 2.660/12.02 | 0.121/7.80 |
| RESfM-shallow (scratch) | 0.332/1.60 | 11.067/9.89 | 0.006/0.02 | 0.389/37.64 |
| RESfM (released) | 0.209/1.89 | 11.124/10.59 | 0.197/2.04 | 0.330/31.91 |
| ESFM (author 1x3) | 0.756/6.91 | 17.960/14.47 | 1.975/7.35 | 0.227/27.27 |
| RESfM (paper) | 0.169/1.29 | - | - | - |
| ESFM (paper) | 0.780/6.77 | - | - | - |
DONE
